2026-05-21 13:38:54.509688: I tensorflow/core/util/port.cc:113] oneDNN custom operations are on. You may see slightly different numerical results due to floating-point round-off errors from different computation orders. To turn them off, set the environment variable `TF_ENABLE_ONEDNN_OPTS=0`.
2026-05-21 13:38:54.544292: E external/local_xla/xla/stream_executor/cuda/cuda_dnn.cc:9261] Unable to register cuDNN factory: Attempting to register factory for plugin cuDNN when one has already been registered
2026-05-21 13:38:54.544320: E external/local_xla/xla/stream_executor/cuda/cuda_fft.cc:607] Unable to register cuFFT factory: Attempting to register factory for plugin cuFFT when one has already been registered
2026-05-21 13:38:54.545324: E external/local_xla/xla/stream_executor/cuda/cuda_blas.cc:1515] Unable to register cuBLAS factory: Attempting to register factory for plugin cuBLAS when one has already been registered
2026-05-21 13:38:54.550814: I tensorflow/core/platform/cpu_feature_guard.cc:182] This TensorFlow binary is optimized to use available CPU instructions in performance-critical operations.
To enable the following instructions: AVX2 AVX512F AVX512_VNNI AVX512_BF16 AVX_VNNI AMX_TILE AMX_INT8 AMX_BF16 FMA, in other operations, rebuild TensorFlow with the appropriate compiler flags.
2026-05-21 13:38:55.154568: W tensorflow/compiler/tf2tensorrt/utils/py_utils.cc:38] TF-TRT Warning: Could not find TensorRT
/root/miniconda3/envs/otp_vla/lib/python3.10/site-packages/huggingface_hub/file_download.py:949: FutureWarning: `resume_download` is deprecated and will be removed in version 1.0.0. Downloads always resume when possible. If you want to force a new download, use `force_download=True`.
  warnings.warn(
/root/miniconda3/envs/otp_vla/lib/python3.10/site-packages/huggingface_hub/file_download.py:949: FutureWarning: `resume_download` is deprecated and will be removed in version 1.0.0. Downloads always resume when possible. If you want to force a new download, use `force_download=True`.
  warnings.warn(
2026-05-21 13:39:04.315608: W tensorflow/core/common_runtime/gpu/gpu_device.cc:2256] Cannot dlopen some GPU libraries. Please make sure the missing libraries mentioned above are installed properly if you would like to use GPU. Follow the guide at https://www.tensorflow.org/install/gpu for how to download and setup the required libraries for your platform.
Skipping registering GPU devices...

======================================================================
STEP 1: Load model
======================================================================
Using LIBERO constants:
  NUM_ACTIONS_CHUNK = 8
  ACTION_DIM = 7
  PROPRIO_DIM = 8
  ACTION_PROPRIO_NORMALIZATION_TYPE = bounds_q99
If needed, manually set the correct constants in `prismatic/vla/constants.py`!
Loading checkpoint shards:   0%|                                                                                                                                                 | 0/4 [00:00<?, ?it/s]Loading checkpoint shards:  25%|██████████████████████████████████▎                                                                                                      | 1/4 [00:00<00:00,  3.90it/s]Loading checkpoint shards:  50%|████████████████████████████████████████████████████████████████████▌                                                                    | 2/4 [00:00<00:00,  5.08it/s]Loading checkpoint shards:  75%|██████████████████████████████████████████████████████████████████████████████████████████████████████▊                                  | 3/4 [00:00<00:00,  5.62it/s]Loading checkpoint shards: 100%|█████████████████████████████████████████████████████████████████████████████████████████████████████████████████████████████████████████| 4/4 [00:00<00:00,  5.89it/s]Loading checkpoint shards: 100%|█████████████████████████████████████████████████████████████████████████████████████████████████████████████████████████████████████████| 4/4 [00:00<00:00,  5.52it/s]
Predictor loaded. GPU mem: 15.68 GB

======================================================================
STEP 2: Per-task forward pass collection
======================================================================
05/21 [13:39:18] INFO     | >> No OpenGL_accelerate module loaded: No module named 'OpenGL_accelerate'                                                                           acceleratesupport.py:24
Gym has been unmaintained since 2022 and does not support NumPy 2.0 amongst other critical functionality.
Please upgrade to Gymnasium, the maintained drop-in replacement of Gym, or contact the authors of your software and request that they upgrade.
Users of this version of Gym should be able to simply replace 'import gym' with 'import gymnasium as gym' in the vast majority of cases.
See the migration guide at https://gymnasium.farama.org/introduction/migration_guide/ for additional information.
/root/miniconda3/envs/otp_vla/lib/python3.10/site-packages/numpy/lib/function_base.py:2897: RuntimeWarning: invalid value encountered in divide
  c /= stddev[:, None]
/root/miniconda3/envs/otp_vla/lib/python3.10/site-packages/numpy/lib/function_base.py:2898: RuntimeWarning: invalid value encountered in divide
  c /= stddev[None, :]
[info] using task orders [0, 1, 2, 3, 4, 5, 6, 7, 8, 9]

[Task 0] pick up the black bowl between the plate and the ramekin and...
  Fallback embed_layer found at: llm_backbone.model.embed_tokens
  ✓ z=(240,) v=(4096,) l=(4096,) | elapsed 6.5s

[Task 1] pick up the black bowl next to the ramekin and place it on t...
  Fallback embed_layer found at: llm_backbone.model.embed_tokens
  ✓ z=(240,) v=(4096,) l=(4096,) | elapsed 11.9s

[Task 2] pick up the black bowl from table center and place it on the...
  Fallback embed_layer found at: llm_backbone.model.embed_tokens
  ✓ z=(240,) v=(4096,) l=(4096,) | elapsed 17.2s

[Task 3] pick up the black bowl on the cookie box and place it on the...
  Fallback embed_layer found at: llm_backbone.model.embed_tokens
  ✓ z=(240,) v=(4096,) l=(4096,) | elapsed 22.7s

[Task 4] pick up the black bowl in the top drawer of the wooden cabin...
  Fallback embed_layer found at: llm_backbone.model.embed_tokens
  ✓ z=(240,) v=(4096,) l=(4096,) | elapsed 28.1s

[Task 5] pick up the black bowl on the ramekin and place it on the pl...
  Fallback embed_layer found at: llm_backbone.model.embed_tokens
  ✓ z=(240,) v=(4096,) l=(4096,) | elapsed 33.5s

[Task 6] pick up the black bowl next to the cookie box and place it o...
  Fallback embed_layer found at: llm_backbone.model.embed_tokens
  ✓ z=(240,) v=(4096,) l=(4096,) | elapsed 38.8s

[Task 7] pick up the black bowl on the stove and place it on the plat...
  Fallback embed_layer found at: llm_backbone.model.embed_tokens
  ✓ z=(240,) v=(4096,) l=(4096,) | elapsed 44.1s

[Task 8] pick up the black bowl next to the plate and place it on the...
  Fallback embed_layer found at: llm_backbone.model.embed_tokens
  ✓ z=(240,) v=(4096,) l=(4096,) | elapsed 49.4s

[Task 9] pick up the black bowl on the wooden cabinet and place it on...
  Fallback embed_layer found at: llm_backbone.model.embed_tokens
  ✓ z=(240,) v=(4096,) l=(4096,) | elapsed 54.7s

Final matrices: Z (10, 240), V (10, 4096), L (10, 4096)

======================================================================
STEP 3: Mantel correlations
======================================================================

Mantel r(Z, L) — sanity check vs published -0.19...
  r(z, language) = +nan
  95% bootstrap CI: [+nan, +nan]
  Mantel p (10000 perms): 0.0000
  Diff from published -0.19: nan  ⚠️  protocol drift

Mantel r(Z, V) — NEW measurement...
  r(z, visual) = +nan
  95% bootstrap CI: [+nan, +nan]
  Mantel p (10000 perms): 0.0000

======================================================================
STEP 4: VERDICT
======================================================================

|r(z, language)| = nan
|r(z, visual)|   = nan
Ratio |r_zv|/|r_zl| = nan

(ii) z is trivially near-null. CANNOT support framing.

Results: /root/autodl-tmp/OTP-VLA/results/phase0_c1_robustness
======================================================================
